2025-08-11 01:20:53 [INFO]: 🚀 Server started {"port":3000,"environment":"development"}
2025-08-11 01:21:21 [INFO]: 🔐 Auth middleware started {"path":"/generate-image","method":"POST","userAgent":"PostmanRuntime/7.39.1"}
2025-08-11 01:21:21 [INFO]: ✅ Token decoded successfully {"issuer":"https://glowing-gopher-38.clerk.accounts.dev","subject":"user_30ShjNMPwQEm5FjEtCApPCKLn89","tokenLength":964}
2025-08-11 01:21:21 [INFO]: Token validation {"expired":false,"expiresAt":"2025-08-10T16:22:05.000Z","currentTime":"2025-08-10T16:21:21.972Z"}
2025-08-11 01:21:21 [INFO]: 🎫 Using token data {"userId":"user_30ShjNMPwQEm5FjEtCApPCKLn89","plan":"Premium","isPremium":true}
2025-08-11 01:21:21 [INFO]: 🖼️ Generate image request started {"userId":"user_30ShjNMPwQEm5FjEtCApPCKLn89","prompt":"china...","isPremium":true,"plan":"Premium"}
2025-08-11 01:21:21 [INFO]: ✅ Premium user verified, calling AI for image description {"userId":"user_30ShjNMPwQEm5FjEtCApPCKLn89"}
2025-08-11 01:21:24 [INFO]: ✅ AI response received for image description {"userId":"user_30ShjNMPwQEm5FjEtCApPCKLn89","contentLength":1493,"processingTime":2950}
2025-08-11 01:21:26 [INFO]: ✅ Image description saved to database {"userId":"user_30ShjNMPwQEm5FjEtCApPCKLn89"}
2025-08-11 01:21:26 [INFO]: ✅ Image generation completed successfully {"userId":"user_30ShjNMPwQEm5FjEtCApPCKLn89","totalTime":4093}
2025-08-11 02:05:49 [INFO]: 🚀 Server started {"port":3000,"environment":"development"}
2025-08-11 12:39:43 [INFO]: 🚀 Server started {"port":3000,"environment":"development"}
2025-08-11 12:40:05 [INFO]: 🔐 Auth middleware started {"path":"/generate-image","method":"POST","userAgent":"PostmanRuntime/7.39.1"}
2025-08-11 12:40:05 [INFO]: ✅ Token decoded successfully {"issuer":"https://glowing-gopher-38.clerk.accounts.dev","subject":"user_30ShjNMPwQEm5FjEtCApPCKLn89","tokenLength":965}
2025-08-11 12:40:05 [INFO]: Token validation {"expired":false,"expiresAt":"2025-08-11T03:40:19.000Z","currentTime":"2025-08-11T03:40:05.165Z"}
2025-08-11 12:40:05 [INFO]: 🎫 Using token data {"userId":"user_30ShjNMPwQEm5FjEtCApPCKLn89","plan":"Premium","isPremium":true}
2025-08-11 12:40:05 [INFO]: 🖼️ Generate image request started {"userId":"user_30ShjNMPwQEm5FjEtCApPCKLn89","prompt":"china...","isPremium":true,"publish":false}
2025-08-11 12:40:05 [INFO]: ✅ Premium user verified, calling AI for image description {"userId":"user_30ShjNMPwQEm5FjEtCApPCKLn89"}
2025-08-11 12:40:05 [ERROR]: ❌ Generate image error {"error":"Cannot access 'FormData' before initialization","stack":"ReferenceError: Cannot access 'FormData' before initialization\n    at generateImage (file:///D:/00.Project/NeuroaAI/server/controllers/aiController.js:332:26)\n    at Layer.handleRequest (D:\\00.Project\\NeuroaAI\\server\\node_modules\\.pnpm\\router@2.2.0\\node_modules\\router\\lib\\layer.js:152:17)\n    at next (D:\\00.Project\\NeuroaAI\\server\\node_modules\\.pnpm\\router@2.2.0\\node_modules\\router\\lib\\route.js:157:13)\n    at auth (file:///D:/00.Project/NeuroaAI/server/middleware/auth.js:51:28)\n    at Layer.handleRequest (D:\\00.Project\\NeuroaAI\\server\\node_modules\\.pnpm\\router@2.2.0\\node_modules\\router\\lib\\layer.js:152:17)\n    at next (D:\\00.Project\\NeuroaAI\\server\\node_modules\\.pnpm\\router@2.2.0\\node_modules\\router\\lib\\route.js:157:13)\n    at Route.dispatch (D:\\00.Project\\NeuroaAI\\server\\node_modules\\.pnpm\\router@2.2.0\\node_modules\\router\\lib\\route.js:117:3)\n    at handle (D:\\00.Project\\NeuroaAI\\server\\node_modules\\.pnpm\\router@2.2.0\\node_modules\\router\\index.js:435:11)\n    at Layer.handleRequest (D:\\00.Project\\NeuroaAI\\server\\node_modules\\.pnpm\\router@2.2.0\\node_modules\\router\\lib\\layer.js:152:17)\n    at D:\\00.Project\\NeuroaAI\\server\\node_modules\\.pnpm\\router@2.2.0\\node_modules\\router\\index.js:295:15","userId":"user_30ShjNMPwQEm5FjEtCApPCKLn89","prompt":"china","processingTime":1}
2025-08-11 13:00:23 [INFO]: 🚀 Server started {"port":3000,"environment":"development"}
2025-08-11 13:00:44 [INFO]: 🔐 Auth middleware started {"path":"/generate-image","method":"POST","userAgent":"PostmanRuntime/7.39.1"}
2025-08-11 13:00:44 [INFO]: ✅ Token decoded successfully {"issuer":"https://glowing-gopher-38.clerk.accounts.dev","subject":"user_30ShjNMPwQEm5FjEtCApPCKLn89","tokenLength":965}
2025-08-11 13:00:44 [INFO]: Token validation {"expired":false,"expiresAt":"2025-08-11T04:01:29.000Z","currentTime":"2025-08-11T04:00:44.516Z"}
2025-08-11 13:00:44 [INFO]: 🎫 Using token data {"userId":"user_30ShjNMPwQEm5FjEtCApPCKLn89","plan":"Premium","isPremium":true}
2025-08-11 13:00:44 [INFO]: 🖼️ Generate image request started {"userId":"user_30ShjNMPwQEm5FjEtCApPCKLn89","prompt":"china...","isPremium":true,"publish":false}
2025-08-11 13:00:44 [INFO]: ✅ Premium user verified, calling AI for image description {"userId":"user_30ShjNMPwQEm5FjEtCApPCKLn89"}
2025-08-11 13:00:44 [ERROR]: ❌ Generate image error {"error":"Request failed with status code 402","stack":"AxiosError: Request failed with status code 402\n    at settle (file:///D:/00.Project/NeuroaAI/server/node_modules/.pnpm/axios@1.11.0/node_modules/axios/lib/core/settle.js:19:12)\n    at IncomingMessage.handleStreamEnd (file:///D:/00.Project/NeuroaAI/server/node_modules/.pnpm/axios@1.11.0/node_modules/axios/lib/adapters/http.js:599:11)\n    at IncomingMessage.emit (node:events:530:35)\n    at endReadableNT (node:internal/streams/readable:1698:12)\n    at process.processTicksAndRejections (node:internal/process/task_queues:90:21)\n    at Axios.request (file:///D:/00.Project/NeuroaAI/server/node_modules/.pnpm/axios@1.11.0/node_modules/axios/lib/core/Axios.js:45:41)\n    at process.processTicksAndRejections (node:internal/process/task_queues:105:5)\n    at async generateImage (file:///D:/00.Project/NeuroaAI/server/controllers/aiController.js:345:26)","userId":"user_30ShjNMPwQEm5FjEtCApPCKLn89","prompt":"china","processingTime":471}
2025-08-11 13:02:57 [INFO]: 🚀 Server started {"port":3000,"environment":"development"}
2025-08-11 13:02:58 [INFO]: 🔐 Auth middleware started {"path":"/generate-image","method":"POST","userAgent":"PostmanRuntime/7.39.1"}
2025-08-11 13:02:58 [INFO]: ✅ Token decoded successfully {"issuer":"https://glowing-gopher-38.clerk.accounts.dev","subject":"user_30ShjNMPwQEm5FjEtCApPCKLn89","tokenLength":965}
2025-08-11 13:02:58 [INFO]: Token validation {"expired":true,"expiresAt":"2025-08-11T04:01:29.000Z","currentTime":"2025-08-11T04:02:58.767Z"}
2025-08-11 13:02:58 [INFO]: 🎫 Using token data {"userId":"user_30ShjNMPwQEm5FjEtCApPCKLn89","plan":"Premium","isPremium":true}
2025-08-11 13:02:58 [INFO]: 🖼️ Generate image request started {"userId":"user_30ShjNMPwQEm5FjEtCApPCKLn89","prompt":"china...","isPremium":true,"publish":false}
2025-08-11 13:02:58 [INFO]: ✅ Premium user verified, calling AI for image description {"userId":"user_30ShjNMPwQEm5FjEtCApPCKLn89"}
2025-08-11 13:03:02 [INFO]: ✅ Image generated successfully from ClipDrop API {"userId":"user_30ShjNMPwQEm5FjEtCApPCKLn89","imageSize":1722716}
2025-08-11 13:03:06 [INFO]: ✅ Image uploaded to Cloudinary successfully {"userId":"user_30ShjNMPwQEm5FjEtCApPCKLn89","imageUrl":"https://res.cloudinary.com/dfmyudgcm/image/upload/v1754884986/neuroaAI/user_30ShjNMPwQEm5FjEtCApPCKLn89/image_1754884982242.png","processingTime":8142}
2025-08-11 13:03:08 [INFO]: ✅ Image saved to database {"userId":"user_30ShjNMPwQEm5FjEtCApPCKLn89","publish":false}
2025-08-11 13:03:08 [INFO]: ✅ Image generation completed successfully {"userId":"user_30ShjNMPwQEm5FjEtCApPCKLn89","imageUrl":"https://res.cloudinary.com/dfmyudgcm/image/upload/v1754884986/neuroaAI/user_30ShjNMPwQEm5FjEtCApPCKLn89/image_1754884982242.png","publish":false,"totalTime":9288}
2025-08-11 14:19:13 [INFO]: 🚀 Server started {"port":3000,"environment":"development"}
2025-08-11 21:20:25 [INFO]: 🚀 Server started {"port":3000,"environment":"development"}
2025-08-11 23:33:59 [INFO]: 🚀 Server started {"port":3000,"environment":"development"}
